{
  "errors": [
    {
      "message": "Email already exist",
      "locations": [
        {
          "line": 1,
          "column": 3
        }
      ],
      "path": [
        "email"
      ],
      "extensions": {
        "field": "email"
      }
    }
  ],
  "data": {
    "checkDuplicateEmail": null
  }
}
